Start Thu Aug 31 22:38:41 UTC 2023
Disk: sd5       Usable LBA: 34 to 3906963422 [3906963456 Sectors]
   #: type                                 [       start:         size ]
------------------------------------------------------------------------
   0: OpenBSD                              [          64:   3906963359 ]
# /dev/rsd5c:
type: SCSI
disk: SCSI disk
label: Elements 2620   
duid: 722b383eb9e48688
flags:
bytes/sector: 512
sectors/track: 63
tracks/cylinder: 255
sectors/cylinder: 16065
cylinders: 243197
total sectors: 3906963456
boundstart: 64
boundend: 3906963423
drivedata: 0 

16 partitions:
#                size           offset  fstype [fsize bsize   cpg]
  c:       3906963456                0  unused                    
  i:       2147483648               64  ext2fs                    
  j:       1759479711       2147483712  ext2fs                    
/dev/rsd5i: 1048576.0MB (2147483648 sectors) block size 4096, fragment size 4096
	using 8192 block groups of 128.0MB, 32768 blks, 16384 inodes.
super-block backups (for fsck_ext2fs -b #) at:
    32768,     98304,    163840,    229376,    294912,    819200,    884736,
  1605632,   2654208,   4096000,   7962624,  11239424,  20480000,  23887872,
 71663616,  78675968, 102400000, 214990848,
/dev/rsd5j: 859120.9MB (1759479711 sectors) block size 4096, fragment size 4096
	using 6712 block groups of 128.0MB, 32768 blks, 16384 inodes.
super-block backups (for fsck_ext2fs -b #) at:
    32768,     98304,    163840,    229376,    294912,    819200,    884736,
  1605632,   2654208,   4096000,   7962624,  11239424,  20480000,  23887872,
 71663616,  78675968, 102400000, 214990848,
Finished Fri Sep 1 01:13:58 UTC 2023
Start Fri Sep 1 20:41:19 UTC 2023
Disk: sd5       Usable LBA: 34 to 3906963422 [3906963456 Sectors]
   #: type                                 [       start:         size ]
------------------------------------------------------------------------
   0: OpenBSD                              [          64:   3906963359 ]
# /dev/rsd5c:
type: SCSI
disk: SCSI disk
label: Elements 2620   
duid: 722b383eb9e48688
flags:
bytes/sector: 512
sectors/track: 63
tracks/cylinder: 255
sectors/cylinder: 16065
cylinders: 243197
total sectors: 3906963456
boundstart: 64
boundend: 3906963423
drivedata: 0 

16 partitions:
#                size           offset  fstype [fsize bsize   cpg]
  c:       3906963456                0  unused                    
  i:       2147483648               64  ext2fs                    
  j:       1759479711       2147483712  ext2fs                    
/dev/rsd5j: 859120.9MB (1759479711 sectors) block size 4096, fragment size 4096
	using 6712 block groups of 128.0MB, 32768 blks, 16384 inodes.
super-block backups (for fsck_ext2fs -b #) at:
    32768,     98304,    163840,    229376,    294912,    819200,    884736,
  1605632,   2654208,   4096000,   7962624,  11239424,  20480000,  23887872,
 71663616,  78675968, 102400000, 214990848,
Finished Fri Sep 1 21:51:21 UTC 2023
